192.168.1.6 - - [22/May/2025:14:28:04 +0800] "POST /contact HTTP/1.1" 200 3847 "-" "Go-http-client/1.1"
192.168.1.24 - - [22/May/2025:14:21:06 +0800] "POST /register HTTP/1.1" 500 227 "-" "Dalfox/2.7.0"
192.168.1.39 - - [22/May/2025:14:07:03 +0800] "POST /search?q=test HTTP/1.1" 304 3946 "http://example.com" "Go-http-client/1.1"
192.168.1.10 - - [22/May/2025:14:07:04 +0800] "POST /register HTTP/1.1" 403 1205 "http://example.com" "python-requests/2.25.1"
192.168.1.51 - - [22/May/2025:14:35:25 +0800] "GET /about HTTP/1.1" 200 3754 "-" "python-requests/2.25.1"
192.168.1.25 - - [22/May/2025:14:21:18 +0800] "GET /admin HTTP/1.1" 403 635 "http://evil.com" "sqlmap/1.5.2#stable"
192.168.1.37 - - [22/May/2025:14:21:21 +0800] "GET /admin HTTP/1.1" 304 2010 "http://evil.com" "Dalfox/2.7.0"
192.168.1.97 - - [22/May/2025:14:28:32 +0800] "GET /index.html HTTP/1.1" 304 991 "http://example.com" "Go-http-client/1.1"
192.168.1.86 - - [22/May/2025:14:14:18 +0800] "POST /about HTTP/1.1" 500 1708 "-" "Mozilla/5.0 (X11; Linux x86_64)"
192.168.1.93 - - [22/May/2025:14:07:10 +0800] "POST /login HTTP/1.1" 200 398 "-" "curl/7.68.0"
192.168.1.44 - - [22/May/2025:14:07:11 +0800] "GET /login HTTP/1.1" 304 2537 "http://example.com" "Dalfox/2.7.0"
192.168.1.93 - - [22/May/2025:14:36:00 +0800] "GET /register HTTP/1.1" 403 2946 "http://example.com" "sqlmap/1.5.2#stable"
192.168.1.88 - - [22/May/2025:14:21:39 +0800] "POST /upload HTTP/1.1" 500 4130 "-" "Mozilla/5.0 (X11; Linux x86_64)"
192.168.1.27 - - [22/May/2025:14:21:42 +0800] "GET /index.html HTTP/1.1" 500 1254 "-" "Dalfox/2.7.0"
192.168.1.48 - - [22/May/2025:14:14:30 +0800] "POST /login HTTP/1.1" 500 4389 "-" "Mozilla/5.0 (X11; Linux x86_64)"
192.168.1.50 - - [22/May/2025:14:21:48 +0800] "GET /?file=../../etc/passwd HTTP/1.1" 500 4768 "http://evil.com" "sqlmap/1.5.2#stable"
192.168.1.42 - - [22/May/2025:14:07:17 +0800] "GET /admin HTTP/1.1" 500 2000 "http://evil.com" "Dalfox/2.7.0"
192.168.1.29 - - [22/May/2025:14:29:12 +0800] "POST /register HTTP/1.1" 200 3254 "-" "Go-http-client/1.1"
192.168.1.3 - - [22/May/2025:14:21:57 +0800] "POST /?file=../../etc/passwd HTTP/1.1" 304 1540 "http://evil.com" "sqlmap/1.5.2#stable"
192.168.1.29 - - [22/May/2025:14:14:40 +0800] "POST /index.html HTTP/1.1" 304 3485 "-" "sqlmap/1.5.2#stable"
192.168.1.36 - - [22/May/2025:14:14:42 +0800] "POST /register HTTP/1.1" 500 1768 "http://example.com" "python-requests/2.25.1"
192.168.1.82 - - [22/May/2025:14:07:22 +0800] "GET /contact HTTP/1.1" 403 1745 "http://example.com" "Mozilla/5.0 (X11; Linux x86_64)"
192.168.1.26 - - [22/May/2025:14:14:46 +0800] "POST /about HTTP/1.1" 200 275 "-" "sqlmap/1.5.2#stable"
192.168.1.96 - - [22/May/2025:14:14:48 +0800] "POST /login HTTP/1.1" 200 4342 "http://example.com" "Go-http-client/1.1"
192.168.1.7 - - [22/May/2025:14:07:25 +0800] "POST /search?q=test HTTP/1.1" 200 3755 "-" "sqlmap/1.5.2#stable"
192.168.1.16 - - [22/May/2025:14:29:44 +0800] "GET /admin HTTP/1.1" 403 3968 "http://evil.com" "sqlmap/1.5.2#stable"
192.168.1.49 - - [22/May/2025:14:22:21 +0800] "GET /register HTTP/1.1" 403 1842 "http://example.com" "Dalfox/2.7.0"
192.168.1.48 - - [22/May/2025:14:14:56 +0800] "GET /contact HTTP/1.1" 500 4731 "-" "python-requests/2.25.1"
192.168.1.77 - - [22/May/2025:14:07:29 +0800] "GET /login HTTP/1.1" 200 4086 "http://example.com" "sqlmap/1.5.2#stable"
192.168.1.31 - - [22/May/2025:14:07:30 +0800] "POST /admin HTTP/1.1" 304 745 "http://evil.com" "Dalfox/2.7.0"
192.168.1.93 - - [22/May/2025:14:30:04 +0800] "POST /register HTTP/1.1" 403 4045 "-" "sqlmap/1.5.2#stable"
192.168.1.62 - - [22/May/2025:14:37:40 +0800] "POST /register HTTP/1.1" 304 2559 "http://example.com" "python-requests/2.25.1"
192.168.1.85 - - [22/May/2025:14:15:06 +0800] "GET /about HTTP/1.1" 403 3999 "-" "Mozilla/5.0 (Windows NT 10.0; Win64; x64)"
192.168.1.9 - - [22/May/2025:14:30:16 +0800] "GET /register HTTP/1.1" 403 4057 "-" "Go-http-client/1.1"
192.168.1.56 - - [22/May/2025:14:07:35 +0800] "POST /upload HTTP/1.1" 500 3117 "-" "sqlmap/1.5.2#stable"
192.168.1.81 - - [22/May/2025:14:22:48 +0800] "GET /login HTTP/1.1" 200 2117 "http://example.com" "curl/7.68.0"
192.168.1.9 - - [22/May/2025:14:30:28 +0800] "POST /upload HTTP/1.1" 304 815 "http://example.com" "Go-http-client/1.1"
192.168.1.81 - - [22/May/2025:14:30:32 +0800] "POST /?file=../../etc/passwd HTTP/1.1" 304 2305 "http://evil.com" "Dalfox/2.7.0"
192.168.1.20 - - [22/May/2025:14:15:18 +0800] "POST /search?q=test HTTP/1.1" 500 546 "http://example.com" "Mozilla/5.0 (Windows NT 10.0; Win64; x64)"
192.168.1.59 - - [22/May/2025:14:07:40 +0800] "GET /about HTTP/1.1" 500 2949 "-" "Mozilla/5.0 (Windows NT 10.0; Win64; x64)"
192.168.1.51 - - [22/May/2025:14:23:03 +0800] "GET /contact HTTP/1.1" 500 3122 "http://example.com" "python-requests/2.25.1"
192.168.1.94 - - [22/May/2025:14:38:30 +0800] "POST /upload HTTP/1.1" 304 1653 "http://example.com" "Mozilla/5.0 (Windows NT 10.0; Win64; x64)"
192.168.1.58 - - [22/May/2025:14:23:09 +0800] "POST /login HTTP/1.1" 500 4040 "http://example.com" "Mozilla/5.0 (Windows NT 10.0; Win64; x64)"
192.168.1.54 - - [22/May/2025:14:23:12 +0800] "POST /upload HTTP/1.1" 304 2170 "http://example.com" "Go-http-client/1.1"
192.168.1.37 - - [22/May/2025:14:31:00 +0800] "GET /search?q=test HTTP/1.1" 200 1226 "-" "python-requests/2.25.1"
192.168.1.4 - - [22/May/2025:14:15:32 +0800] "POST /contact HTTP/1.1" 304 2271 "-" "python-requests/2.25.1"
192.168.1.52 - - [22/May/2025:14:15:34 +0800] "GET /about HTTP/1.1" 500 1246 "http://example.com" "Mozilla/5.0 (Windows NT 10.0; Win64; x64)"
192.168.1.78 - - [22/May/2025:14:07:48 +0800] "GET /login HTTP/1.1" 403 2779 "-" "Mozilla/5.0 (Windows NT 10.0; Win64; x64)"
192.168.1.34 - - [22/May/2025:14:15:38 +0800] "GET /about HTTP/1.1" 304 764 "http://example.com" "Dalfox/2.7.0"
192.168.1.42 - - [22/May/2025:14:39:10 +0800] "POST /login HTTP/1.1" 403 3740 "http://example.com" "curl/7.68.0"
192.168.1.46 - - [22/May/2025:14:39:15 +0800] "POST /upload HTTP/1.1" 200 3299 "http://example.com" "python-requests/2.25.1"
192.168.1.29 - - [22/May/2025:14:15:44 +0800] "POST /index.html HTTP/1.1" 403 2499 "-" "Go-http-client/1.1"
192.168.1.4 - - [22/May/2025:14:31:32 +0800] "GET /index.html HTTP/1.1" 500 645 "http://example.com" "Dalfox/2.7.0"
192.168.1.70 - - [22/May/2025:14:15:48 +0800] "GET /contact HTTP/1.1" 403 2009 "http://example.com" "curl/7.68.0"
192.168.1.16 - - [22/May/2025:14:07:55 +0800] "POST /register HTTP/1.1" 200 952 "-" "Go-http-client/1.1"
192.168.1.4 - - [22/May/2025:14:07:56 +0800] "POST /?file=../../etc/passwd HTTP/1.1" 304 2616 "http://evil.com" "Dalfox/2.7.0"
192.168.1.69 - - [22/May/2025:14:31:48 +0800] "POST /?file=../../etc/passwd HTTP/1.1" 304 1514 "http://evil.com" "Dalfox/2.7.0"
192.168.1.8 - - [22/May/2025:14:07:58 +0800] "POST /index.html HTTP/1.1" 200 939 "http://example.com" "Go-http-client/1.1"
192.168.1.65 - - [22/May/2025:14:07:59 +0800] "POST /login HTTP/1.1" 500 3075 "http://example.com" "Go-http-client/1.1"
192.168.1.12 - - [22/May/2025:14:32:00 +0800] "POST /contact HTTP/1.1" 403 2797 "http://example.com" "Mozilla/5.0 (Windows NT 10.0; Win64; x64)"
192.168.1.69 - - [22/May/2025:14:40:05 +0800] "GET /?file=../../etc/passwd HTTP/1.1" 200 4586 "http://evil.com" "Dalfox/2.7.0"
192.168.1.32 - - [22/May/2025:14:40:10 +0800] "POST /contact HTTP/1.1" 403 3805 "-" "sqlmap/1.5.2#stable"
192.168.1.3 - - [22/May/2025:14:08:03 +0800] "POST /upload HTTP/1.1" 403 3551 "http://example.com" "sqlmap/1.5.2#stable"
192.168.1.17 - - [22/May/2025:14:24:12 +0800] "POST /register HTTP/1.1" 200 411 "http://example.com" "Go-http-client/1.1"
192.168.1.72 - - [22/May/2025:14:40:25 +0800] "POST /login HTTP/1.1" 304 271 "-" "Mozilla/5.0 (X11; Linux x86_64)"
192.168.1.30 - - [22/May/2025:14:08:06 +0800] "GET /upload HTTP/1.1" 200 2176 "-" "python-requests/2.25.1"
192.168.1.37 - - [22/May/2025:14:16:14 +0800] "GET /about HTTP/1.1" 200 3116 "-" "sqlmap/1.5.2#stable"
192.168.1.43 - - [22/May/2025:14:32:32 +0800] "GET /admin HTTP/1.1" 500 2233 "http://evil.com" "Dalfox/2.7.0"
192.168.1.99 - - [22/May/2025:14:08:09 +0800] "POST /contact HTTP/1.1" 304 4847 "-" "curl/7.68.0"
192.168.1.58 - - [22/May/2025:14:08:10 +0800] "POST /register HTTP/1.1" 403 3022 "http://example.com" "Mozilla/5.0 (Windows NT 10.0; Win64; x64)"
192.168.1.72 - - [22/May/2025:14:16:22 +0800] "GET /search?q=test HTTP/1.1" 304 3288 "-" "Mozilla/5.0 (Windows NT 10.0; Win64; x64)"
192.168.1.79 - - [22/May/2025:14:16:24 +0800] "POST /admin HTTP/1.1" 200 3890 "http://evil.com" "Dalfox/2.7.0"
192.168.1.10 - - [22/May/2025:14:24:39 +0800] "GET /search?q=test HTTP/1.1" 200 2613 "http://example.com" "Go-http-client/1.1"
192.168.1.74 - - [22/May/2025:14:16:28 +0800] "POST /register HTTP/1.1" 403 2721 "http://example.com" "Go-http-client/1.1"
192.168.1.82 - - [22/May/2025:14:33:00 +0800] "GET /contact HTTP/1.1" 200 1029 "-" "sqlmap/1.5.2#stable"
192.168.1.81 - - [22/May/2025:14:24:48 +0800] "GET /?file=../../etc/passwd HTTP/1.1" 500 4234 "http://evil.com" "Dalfox/2.7.0"
192.168.1.37 - - [22/May/2025:14:41:25 +0800] "POST /?file=../../etc/passwd HTTP/1.1" 200 524 "http://evil.com" "sqlmap/1.5.2#stable"
192.168.1.62 - - [22/May/2025:14:33:12 +0800] "GET /admin HTTP/1.1" 403 4571 "http://evil.com" "Dalfox/2.7.0"
192.168.1.89 - - [22/May/2025:14:24:57 +0800] "POST /upload HTTP/1.1" 200 4204 "http://example.com" "python-requests/2.25.1"
192.168.1.75 - - [22/May/2025:14:25:00 +0800] "GET /search?q=test HTTP/1.1" 403 3495 "-" "python-requests/2.25.1"
192.168.1.4 - - [22/May/2025:14:41:45 +0800] "GET /?file=../../etc/passwd HTTP/1.1" 403 1608 "http://evil.com" "sqlmap/1.5.2#stable"
192.168.1.25 - - [22/May/2025:14:16:44 +0800] "POST /login HTTP/1.1" 200 2168 "-" "Dalfox/2.7.0"
192.168.1.32 - - [22/May/2025:14:25:09 +0800] "GET /register HTTP/1.1" 500 4357 "http://example.com" "Dalfox/2.7.0"
192.168.1.20 - - [22/May/2025:14:08:24 +0800] "POST /login HTTP/1.1" 200 2909 "-" "Mozilla/5.0 (X11; Linux x86_64)"
192.168.1.32 - - [22/May/2025:14:33:40 +0800] "GET /about HTTP/1.1" 500 4361 "-" "Mozilla/5.0 (Windows NT 10.0; Win64; x64)"
192.168.1.25 - - [22/May/2025:14:25:18 +0800] "POST /contact HTTP/1.1" 304 3262 "http://example.com" "Dalfox/2.7.0"
192.168.1.87 - - [22/May/2025:14:08:27 +0800] "POST /?file=../../etc/passwd HTTP/1.1" 403 1060 "http://evil.com" "Dalfox/2.7.0"
192.168.1.79 - - [22/May/2025:14:16:56 +0800] "GET /register HTTP/1.1" 304 859 "http://example.com" "python-requests/2.25.1"
192.168.1.13 - - [22/May/2025:14:25:27 +0800] "GET /upload HTTP/1.1" 403 801 "-" "curl/7.68.0"
192.168.1.85 - - [22/May/2025:14:42:30 +0800] "POST /index.html HTTP/1.1" 200 4452 "http://example.com" "python-requests/2.25.1"
192.168.1.71 - - [22/May/2025:14:25:33 +0800] "POST /about HTTP/1.1" 500 2035 "-" "python-requests/2.25.1"
192.168.1.72 - - [22/May/2025:14:25:36 +0800] "POST /?file=../../etc/passwd HTTP/1.1" 304 1908 "http://evil.com" "sqlmap/1.5.2#stable"
192.168.1.98 - - [22/May/2025:14:34:12 +0800] "POST /index.html HTTP/1.1" 500 2610 "-" "Mozilla/5.0 (Windows NT 10.0; Win64; x64)"
192.168.1.96 - - [22/May/2025:14:42:50 +0800] "GET /about HTTP/1.1" 403 2096 "http://example.com" "Mozilla/5.0 (X11; Linux x86_64)"
192.168.1.3 - - [22/May/2025:14:42:55 +0800] "GET /upload HTTP/1.1" 500 2746 "http://example.com" "curl/7.68.0"
192.168.1.41 - - [22/May/2025:14:43:00 +0800] "POST /upload HTTP/1.1" 403 754 "-" "Go-http-client/1.1"
192.168.1.61 - - [22/May/2025:14:43:05 +0800] "GET /?file=../../etc/passwd HTTP/1.1" 500 3920 "http://evil.com" "sqlmap/1.5.2#stable"
192.168.1.57 - - [22/May/2025:14:43:10 +0800] "GET /search?q=test HTTP/1.1" 500 1427 "-" "python-requests/2.25.1"
192.168.1.35 - - [22/May/2025:14:43:15 +0800] "POST /register HTTP/1.1" 304 2452 "-" "python-requests/2.25.1"
192.168.1.86 - - [22/May/2025:14:34:40 +0800] "GET /?file=../../etc/passwd HTTP/1.1" 403 4068 "http://evil.com" "Dalfox/2.7.0"
192.168.1.34 - - [22/May/2025:14:26:03 +0800] "GET /upload HTTP/1.1" 200 4365 "http://example.com" "Go-http-client/1.1"
192.168.1.65 - - [22/May/2025:14:17:24 +0800] "POST /index.html HTTP/1.1" 403 516 "-" "python-requests/2.25.1"
192.168.1.25 - - [22/May/2025:14:17:26 +0800] "POST /index.html HTTP/1.1" 200 4632 "-" "curl/7.68.0"
192.168.1.34 - - [22/May/2025:14:34:56 +0800] "POST /index.html HTTP/1.1" 500 4644 "-" "curl/7.68.0"
192.168.1.10 - - [22/May/2025:14:43:45 +0800] "POST /register HTTP/1.1" 500 2060 "-" "python-requests/2.25.1"
192.168.1.39 - - [22/May/2025:14:17:32 +0800] "POST /register HTTP/1.1" 200 1051 "-" "Mozilla/5.0 (Windows NT 10.0; Win64; x64)"
192.168.1.77 - - [22/May/2025:14:08:47 +0800] "GET /index.html HTTP/1.1" 403 2214 "http://example.com" "python-requests/2.25.1"
192.168.1.64 - - [22/May/2025:14:26:24 +0800] "POST /?file=../../etc/passwd HTTP/1.1" 304 4292 "http://evil.com" "Dalfox/2.7.0"
192.168.1.82 - - [22/May/2025:14:35:16 +0800] "POST /admin HTTP/1.1" 500 2599 "http://evil.com" "sqlmap/1.5.2#stable"
192.168.1.1 - - [22/May/2025:14:08:50 +0800] "GET /admin HTTP/1.1" 304 3832 "http://evil.com" "Dalfox/2.7.0"
192.168.1.16 - - [22/May/2025:14:44:15 +0800] "POST /index.html HTTP/1.1" 403 4049 "-" "sqlmap/1.5.2#stable"
192.168.1.74 - - [22/May/2025:14:17:44 +0800] "GET /login HTTP/1.1" 200 4683 "http://example.com" "Mozilla/5.0 (X11; Linux x86_64)"
192.168.1.30 - - [22/May/2025:14:35:32 +0800] "POST /register HTTP/1.1" 304 3638 "-" "Go-http-client/1.1"
192.168.1.11 - - [22/May/2025:14:44:30 +0800] "POST /contact HTTP/1.1" 200 3804 "http://example.com" "Mozilla/5.0 (Windows NT 10.0; Win64; x64)"
192.168.1.9 - - [22/May/2025:14:08:55 +0800] "GET /?file=../../etc/passwd HTTP/1.1" 304 1527 "http://evil.com" "sqlmap/1.5.2#stable"
192.168.1.93 - - [22/May/2025:14:35:44 +0800] "POST /admin HTTP/1.1" 403 2103 "http://evil.com" "Dalfox/2.7.0"
192.168.1.88 - - [22/May/2025:14:35:48 +0800] "GET /search?q=test HTTP/1.1" 500 770 "http://example.com" "Dalfox/2.7.0"
192.168.1.72 - - [22/May/2025:14:44:50 +0800] "POST /index.html HTTP/1.1" 200 1022 "-" "Dalfox/2.7.0"
192.168.1.3 - - [22/May/2025:14:35:56 +0800] "POST /register HTTP/1.1" 403 1424 "http://example.com" "Go-http-client/1.1"
192.168.1.80 - - [22/May/2025:14:36:00 +0800] "GET /register HTTP/1.1" 403 753 "-" "Dalfox/2.7.0"
192.168.1.53 - - [22/May/2025:14:18:02 +0800] "POST /login HTTP/1.1" 200 2281 "-" "Mozilla/5.0 (X11; Linux x86_64)"
192.168.1.71 - - [22/May/2025:14:18:04 +0800] "POST /search?q=test HTTP/1.1" 304 1371 "http://example.com" "sqlmap/1.5.2#stable"
192.168.1.10 - - [22/May/2025:14:36:12 +0800] "POST /login HTTP/1.1" 200 2109 "-" "Go-http-client/1.1"
192.168.1.92 - - [22/May/2025:14:36:16 +0800] "GET /about HTTP/1.1" 200 2998 "http://example.com" "Mozilla/5.0 (Windows NT 10.0; Win64; x64)"
192.168.1.76 - - [22/May/2025:14:45:25 +0800] "GET /contact HTTP/1.1" 200 2104 "-" "Go-http-client/1.1"
192.168.1.14 - - [22/May/2025:14:27:18 +0800] "GET /upload HTTP/1.1" 304 3654 "-" "Mozilla/5.0 (Windows NT 10.0; Win64; x64)"
192.168.1.8 - - [22/May/2025:14:27:21 +0800] "GET /admin HTTP/1.1" 200 220 "http://evil.com" "Dalfox/2.7.0"
192.168.1.10 - - [22/May/2025:14:27:24 +0800] "POST /index.html HTTP/1.1" 304 4623 "http://example.com" "curl/7.68.0"
192.168.1.49 - - [22/May/2025:14:36:36 +0800] "GET /?file=../../etc/passwd HTTP/1.1" 200 2206 "http://evil.com" "Dalfox/2.7.0"
192.168.1.1 - - [22/May/2025:14:45:50 +0800] "POST /login HTTP/1.1" 500 2420 "http://example.com" "Mozilla/5.0 (X11; Linux x86_64)"
192.168.1.75 - - [22/May/2025:14:09:11 +0800] "GET /admin HTTP/1.1" 200 4024 "http://evil.com" "sqlmap/1.5.2#stable"
192.168.1.86 - - [22/May/2025:14:18:24 +0800] "GET /login HTTP/1.1" 200 1074 "-" "sqlmap/1.5.2#stable"
192.168.1.29 - - [22/May/2025:14:27:39 +0800] "POST /contact HTTP/1.1" 200 264 "http://example.com" "Go-http-client/1.1"
192.168.1.94 - - [22/May/2025:14:09:14 +0800] "POST /upload HTTP/1.1" 403 1983 "http://example.com" "sqlmap/1.5.2#stable"
192.168.1.54 - - [22/May/2025:14:18:30 +0800] "POST /admin HTTP/1.1" 304 3303 "http://evil.com" "Dalfox/2.7.0"
192.168.1.78 - - [22/May/2025:14:46:20 +0800] "POST /index.html HTTP/1.1" 304 1399 "-" "Mozilla/5.0 (X11; Linux x86_64)"
192.168.1.74 - - [22/May/2025:14:27:51 +0800] "POST /admin HTTP/1.1" 403 1889 "http://evil.com" "Dalfox/2.7.0"
192.168.1.10 - - [22/May/2025:14:18:36 +0800] "POST /?file=../../etc/passwd HTTP/1.1" 500 4308 "http://evil.com" "Dalfox/2.7.0"
192.168.1.18 - - [22/May/2025:14:27:57 +0800] "POST /search?q=test HTTP/1.1" 200 704 "-" "Dalfox/2.7.0"
192.168.1.45 - - [22/May/2025:14:09:20 +0800] "GET /contact HTTP/1.1" 304 4586 "-" "Go-http-client/1.1"
192.168.1.63 - - [22/May/2025:14:46:45 +0800] "POST /register HTTP/1.1" 403 1800 "http://example.com" "curl/7.68.0"
192.168.1.35 - - [22/May/2025:14:28:06 +0800] "GET /?file=../../etc/passwd HTTP/1.1" 304 1201 "http://evil.com" "Dalfox/2.7.0"
192.168.1.59 - - [22/May/2025:14:37:32 +0800] "POST /login HTTP/1.1" 304 1659 "http://example.com" "Mozilla/5.0 (Windows NT 10.0; Win64; x64)"
192.168.1.93 - - [22/May/2025:14:47:00 +0800] "GET /login HTTP/1.1" 200 1461 "-" "curl/7.68.0"
192.168.1.56 - - [22/May/2025:14:47:05 +0800] "POST /login HTTP/1.1" 200 1433 "-" "Dalfox/2.7.0"
192.168.1.17 - - [22/May/2025:14:47:10 +0800] "POST /login HTTP/1.1" 403 3576 "-" "sqlmap/1.5.2#stable"
192.168.1.30 - - [22/May/2025:14:28:21 +0800] "GET /?file=../../etc/passwd HTTP/1.1" 403 3489 "http://evil.com" "sqlmap/1.5.2#stable"
192.168.1.60 - - [22/May/2025:14:18:56 +0800] "POST /register HTTP/1.1" 200 1194 "-" "python-requests/2.25.1"
192.168.1.57 - - [22/May/2025:14:09:29 +0800] "GET /about HTTP/1.1" 200 4254 "http://example.com" "Go-http-client/1.1"
192.168.1.49 - - [22/May/2025:14:38:00 +0800] "POST /?file=../../etc/passwd HTTP/1.1" 200 1315 "http://evil.com" "sqlmap/1.5.2#stable"
192.168.1.36 - - [22/May/2025:14:19:02 +0800] "POST /contact HTTP/1.1" 200 1516 "-" "python-requests/2.25.1"
192.168.1.62 - - [22/May/2025:14:38:08 +0800] "GET /register HTTP/1.1" 500 1473 "http://example.com" "Mozilla/5.0 (Windows NT 10.0; Win64; x64)"
192.168.1.52 - - [22/May/2025:14:09:33 +0800] "GET /admin HTTP/1.1" 304 2737 "http://evil.com" "sqlmap/1.5.2#stable"
192.168.1.9 - - [22/May/2025:14:19:08 +0800] "GET /contact HTTP/1.1" 304 767 "http://example.com" "Mozilla/5.0 (X11; Linux x86_64)"
192.168.1.45 - - [22/May/2025:14:09:35 +0800] "GET /admin HTTP/1.1" 403 2575 "http://evil.com" "Dalfox/2.7.0"
192.168.1.27 - - [22/May/2025:14:19:12 +0800] "GET /upload HTTP/1.1" 304 2647 "http://example.com" "Dalfox/2.7.0"
192.168.1.34 - - [22/May/2025:14:38:28 +0800] "POST /about HTTP/1.1" 200 4589 "http://example.com" "curl/7.68.0"
192.168.1.34 - - [22/May/2025:14:19:16 +0800] "GET /about HTTP/1.1" 403 1004 "http://example.com" "Mozilla/5.0 (Windows NT 10.0; Win64; x64)"
192.168.1.58 - - [22/May/2025:14:48:15 +0800] "GET /upload HTTP/1.1" 403 4946 "http://example.com" "Mozilla/5.0 (Windows NT 10.0; Win64; x64)"
192.168.1.24 - - [22/May/2025:14:48:20 +0800] "POST /upload HTTP/1.1" 500 3423 "-" "Mozilla/5.0 (X11; Linux x86_64)"
192.168.1.53 - - [22/May/2025:14:09:41 +0800] "GET /login HTTP/1.1" 200 1182 "-" "Go-http-client/1.1"
192.168.1.34 - - [22/May/2025:14:38:48 +0800] "GET /?file=../../etc/passwd HTTP/1.1" 200 1366 "http://evil.com" "sqlmap/1.5.2#stable"
192.168.1.67 - - [22/May/2025:14:19:26 +0800] "POST /index.html HTTP/1.1" 200 4987 "http://example.com" "curl/7.68.0"
192.168.1.74 - - [22/May/2025:14:19:28 +0800] "POST /register HTTP/1.1" 403 3229 "-" "curl/7.68.0"
192.168.1.4 - - [22/May/2025:14:09:45 +0800] "GET /about HTTP/1.1" 500 4554 "http://example.com" "Mozilla/5.0 (X11; Linux x86_64)"
192.168.1.13 - - [22/May/2025:14:29:18 +0800] "GET /upload HTTP/1.1" 200 3600 "-" "curl/7.68.0"
192.168.1.37 - - [22/May/2025:14:19:34 +0800] "POST /login HTTP/1.1" 304 2833 "http://example.com" "python-requests/2.25.1"
192.168.1.36 - - [22/May/2025:14:29:24 +0800] "GET /?file=../../etc/passwd HTTP/1.1" 403 3411 "http://evil.com" "sqlmap/1.5.2#stable"
192.168.1.76 - - [22/May/2025:14:39:16 +0800] "GET /upload HTTP/1.1" 403 557 "http://example.com" "Dalfox/2.7.0"
192.168.1.8 - - [22/May/2025:14:09:50 +0800] "GET /about HTTP/1.1" 200 4906 "-" "sqlmap/1.5.2#stable"
192.168.1.47 - - [22/May/2025:14:29:33 +0800] "GET /upload HTTP/1.1" 500 3117 "http://example.com" "curl/7.68.0"
192.168.1.1 - - [22/May/2025:14:39:28 +0800] "GET /admin HTTP/1.1" 403 1848 "http://evil.com" "Dalfox/2.7.0"
192.168.1.84 - - [22/May/2025:14:09:53 +0800] "POST /login HTTP/1.1" 200 3332 "http://example.com" "sqlmap/1.5.2#stable"
192.168.1.8 - - [22/May/2025:14:09:54 +0800] "POST /index.html HTTP/1.1" 200 3970 "-" "curl/7.68.0"
192.168.1.81 - - [22/May/2025:14:29:45 +0800] "POST /index.html HTTP/1.1" 500 2408 "http://example.com" "curl/7.68.0"
192.168.1.58 - - [22/May/2025:14:49:40 +0800] "GET /admin HTTP/1.1" 500 3000 "http://evil.com" "Dalfox/2.7.0"
192.168.1.34 - - [22/May/2025:14:29:51 +0800] "POST /login HTTP/1.1" 200 966 "-" "python-requests/2.25.1"
192.168.1.71 - - [22/May/2025:14:49:50 +0800] "GET /register HTTP/1.1" 200 3103 "http://example.com" "Mozilla/5.0 (X11; Linux x86_64)"
192.168.1.89 - - [22/May/2025:14:29:57 +0800] "POST /upload HTTP/1.1" 304 1763 "http://example.com" "Mozilla/5.0 (Windows NT 10.0; Win64; x64)"
192.168.1.32 - - [22/May/2025:14:20:00 +0800] "GET /about HTTP/1.1" 304 4629 "-" "Go-http-client/1.1"
192.168.1.86 - - [22/May/2025:14:10:01 +0800] "GET /register HTTP/1.1" 304 2090 "http://example.com" "python-requests/2.25.1"
192.168.1.9 - - [22/May/2025:14:30:06 +0800] "POST /search?q=test HTTP/1.1" 304 4046 "-" "sqlmap/1.5.2#stable"
192.168.1.96 - - [22/May/2025:14:50:15 +0800] "POST /index.html HTTP/1.1" 403 4043 "http://example.com" "Mozilla/5.0 (Windows NT 10.0; Win64; x64)"
192.168.1.34 - - [22/May/2025:14:30:12 +0800] "POST /search?q=test HTTP/1.1" 304 3330 "http://example.com" "python-requests/2.25.1"
192.168.1.51 - - [22/May/2025:14:30:15 +0800] "GET /contact HTTP/1.1" 403 3770 "-" "Go-http-client/1.1"
192.168.1.63 - - [22/May/2025:14:50:30 +0800] "GET /contact HTTP/1.1" 403 284 "-" "Dalfox/2.7.0"
192.168.1.64 - - [22/May/2025:14:30:21 +0800] "POST /about HTTP/1.1" 500 3313 "http://example.com" "sqlmap/1.5.2#stable"
192.168.1.98 - - [22/May/2025:14:30:24 +0800] "POST /?file=../../etc/passwd HTTP/1.1" 500 4796 "http://evil.com" "sqlmap/1.5.2#stable"
192.168.1.42 - - [22/May/2025:14:10:09 +0800] "POST /index.html HTTP/1.1" 304 2880 "-" "Go-http-client/1.1"
192.168.1.36 - - [22/May/2025:14:30:30 +0800] "GET /contact HTTP/1.1" 304 541 "http://example.com" "curl/7.68.0"
192.168.1.11 - - [22/May/2025:14:50:55 +0800] "GET /search?q=test HTTP/1.1" 304 3140 "-" "Mozilla/5.0 (X11; Linux x86_64)"
192.168.1.65 - - [22/May/2025:14:51:00 +0800] "POST /?file=../../etc/passwd HTTP/1.1" 500 4355 "http://evil.com" "sqlmap/1.5.2#stable"
192.168.1.45 - - [22/May/2025:14:30:39 +0800] "POST /contact HTTP/1.1" 304 2287 "http://example.com" "python-requests/2.25.1"
192.168.1.25 - - [22/May/2025:14:51:10 +0800] "GET /index.html HTTP/1.1" 200 1396 "-" "curl/7.68.0"
192.168.1.49 - - [22/May/2025:14:10:15 +0800] "GET /search?q=test HTTP/1.1" 500 4398 "-" "Dalfox/2.7.0"
192.168.1.90 - - [22/May/2025:14:20:32 +0800] "POST /search?q=test HTTP/1.1" 403 621 "-" "sqlmap/1.5.2#stable"
192.168.1.28 - - [22/May/2025:14:20:34 +0800] "POST /admin HTTP/1.1" 500 379 "http://evil.com" "sqlmap/1.5.2#stable"
192.168.1.91 - - [22/May/2025:14:51:30 +0800] "POST /search?q=test HTTP/1.1" 304 2717 "-" "python-requests/2.25.1"
192.168.1.35 - - [22/May/2025:14:41:16 +0800] "GET /index.html HTTP/1.1" 403 2213 "http://example.com" "sqlmap/1.5.2#stable"
192.168.1.75 - - [22/May/2025:14:10:20 +0800] "POST /search?q=test HTTP/1.1" 200 756 "http://example.com" "Go-http-client/1.1"
192.168.1.57 - - [22/May/2025:14:10:21 +0800] "GET /admin HTTP/1.1" 200 3636 "http://evil.com" "Dalfox/2.7.0"
192.168.1.87 - - [22/May/2025:14:31:06 +0800] "POST /login HTTP/1.1" 304 853 "http://example.com" "curl/7.68.0"
192.168.1.90 - - [22/May/2025:14:41:32 +0800] "GET /login HTTP/1.1" 500 4340 "http://example.com" "curl/7.68.0"
192.168.1.52 - - [22/May/2025:14:10:24 +0800] "POST /login HTTP/1.1" 200 1116 "http://example.com" "python-requests/2.25.1"
192.168.1.97 - - [22/May/2025:14:10:25 +0800] "GET /search?q=test HTTP/1.1" 403 2249 "-" "Go-http-client/1.1"
192.168.1.10 - - [22/May/2025:14:20:52 +0800] "GET /register HTTP/1.1" 304 3401 "-" "Mozilla/5.0 (Windows NT 10.0; Win64; x64)"
192.168.1.3 - - [22/May/2025:14:41:48 +0800] "POST /?file=../../etc/passwd HTTP/1.1" 304 4889 "http://evil.com" "Dalfox/2.7.0"
192.168.1.64 - - [22/May/2025:14:52:20 +0800] "GET /contact HTTP/1.1" 304 4222 "http://example.com" "sqlmap/1.5.2#stable"
192.168.1.13 - - [22/May/2025:14:10:29 +0800] "POST /login HTTP/1.1" 200 817 "-" "Mozilla/5.0 (Windows NT 10.0; Win64; x64)"
192.168.1.69 - - [22/May/2025:14:42:00 +0800] "GET /contact HTTP/1.1" 200 914 "http://example.com" "Dalfox/2.7.0"
192.168.1.25 - - [22/May/2025:14:52:35 +0800] "GET /admin HTTP/1.1" 304 1210 "http://evil.com" "sqlmap/1.5.2#stable"
192.168.1.95 - - [22/May/2025:14:31:36 +0800] "POST /index.html HTTP/1.1" 304 222 "-" "Go-http-client/1.1"
192.168.1.54 - - [22/May/2025:14:21:06 +0800] "POST /admin HTTP/1.1" 403 235 "http://evil.com" "sqlmap/1.5.2#stable"
192.168.1.18 - - [22/May/2025:14:52:50 +0800] "POST /index.html HTTP/1.1" 403 697 "-" "Dalfox/2.7.0"
192.168.1.83 - - [22/May/2025:14:42:20 +0800] "GET /login HTTP/1.1" 403 1035 "-" "Dalfox/2.7.0"
192.168.1.77 - - [22/May/2025:14:10:36 +0800] "GET /search?q=test HTTP/1.1" 500 4125 "-" "Mozilla/5.0 (X11; Linux x86_64)"
192.168.1.64 - - [22/May/2025:14:10:37 +0800] "GET /upload HTTP/1.1" 200 1697 "-" "Mozilla/5.0 (Windows NT 10.0; Win64; x64)"
192.168.1.47 - - [22/May/2025:14:21:16 +0800] "POST /index.html HTTP/1.1" 304 2100 "http://example.com" "Mozilla/5.0 (Windows NT 10.0; Win64; x64)"
192.168.1.49 - - [22/May/2025:14:21:18 +0800] "POST /search?q=test HTTP/1.1" 500 3803 "-" "sqlmap/1.5.2#stable"
192.168.1.10 - - [22/May/2025:14:42:40 +0800] "POST /about HTTP/1.1" 403 2785 "http://example.com" "Mozilla/5.0 (X11; Linux x86_64)"
192.168.1.92 - - [22/May/2025:14:53:25 +0800] "POST /search?q=test HTTP/1.1" 304 2649 "http://example.com" "Go-http-client/1.1"
192.168.1.87 - - [22/May/2025:14:53:30 +0800] "GET /login HTTP/1.1" 403 939 "http://example.com" "Dalfox/2.7.0"
192.168.1.89 - - [22/May/2025:14:10:43 +0800] "GET /about HTTP/1.1" 200 1543 "http://example.com" "Go-http-client/1.1"
192.168.1.1 - - [22/May/2025:14:32:12 +0800] "GET /about HTTP/1.1" 304 4563 "http://example.com" "Go-http-client/1.1"
192.168.1.30 - - [22/May/2025:14:21:30 +0800] "POST /upload HTTP/1.1" 304 4190 "http://example.com" "Dalfox/2.7.0"
192.168.1.21 - - [22/May/2025:14:43:04 +0800] "GET /search?q=test HTTP/1.1" 500 2925 "-" "Mozilla/5.0 (X11; Linux x86_64)"
192.168.1.37 - - [22/May/2025:14:43:08 +0800] "GET /register HTTP/1.1" 200 4402 "http://example.com" "Mozilla/5.0 (Windows NT 10.0; Win64; x64)"
192.168.1.62 - - [22/May/2025:14:21:36 +0800] "GET /login HTTP/1.1" 304 544 "http://example.com" "curl/7.68.0"
192.168.1.49 - - [22/May/2025:14:21:38 +0800] "GET /login HTTP/1.1" 403 933 "http://example.com" "Mozilla/5.0 (X11; Linux x86_64)"
192.168.1.92 - - [22/May/2025:14:21:40 +0800] "GET /login HTTP/1.1" 200 890 "-" "Mozilla/5.0 (X11; Linux x86_64)"
192.168.1.82 - - [22/May/2025:14:43:24 +0800] "POST /login HTTP/1.1" 200 4747 "-" "python-requests/2.25.1"
192.168.1.42 - - [22/May/2025:14:21:44 +0800] "GET /about HTTP/1.1" 403 2344 "-" "python-requests/2.25.1"
192.168.1.98 - - [22/May/2025:14:32:39 +0800] "GET /about HTTP/1.1" 304 2478 "-" "Go-http-client/1.1"
192.168.1.24 - - [22/May/2025:14:43:36 +0800] "GET /contact HTTP/1.1" 403 708 "http://example.com" "Mozilla/5.0 (X11; Linux x86_64)"
192.168.1.35 - - [22/May/2025:14:21:50 +0800] "GET /admin HTTP/1.1" 200 918 "http://evil.com" "Dalfox/2.7.0"
192.168.1.35 - - [22/May/2025:14:43:44 +0800] "POST /register HTTP/1.1" 304 4666 "-" "Go-http-client/1.1"
192.168.1.70 - - [22/May/2025:14:32:51 +0800] "GET /index.html HTTP/1.1" 304 721 "http://example.com" "Mozilla/5.0 (Windows NT 10.0; Win64; x64)"
192.168.1.56 - - [22/May/2025:14:32:54 +0800] "GET /upload HTTP/1.1" 200 1672 "http://example.com" "sqlmap/1.5.2#stable"
192.168.1.95 - - [22/May/2025:14:43:56 +0800] "POST /contact HTTP/1.1" 403 2512 "-" "Mozilla/5.0 (Windows NT 10.0; Win64; x64)"
192.168.1.95 - - [22/May/2025:14:22:00 +0800] "POST /search?q=test HTTP/1.1" 500 3911 "http://example.com" "curl/7.68.0"
192.168.1.10 - - [22/May/2025:14:44:04 +0800] "POST /contact HTTP/1.1" 304 2528 "http://example.com" "Mozilla/5.0 (Windows NT 10.0; Win64; x64)"
192.168.1.20 - - [22/May/2025:14:33:06 +0800] "GET /contact HTTP/1.1" 500 1114 "-" "Go-http-client/1.1"
192.168.1.22 - - [22/May/2025:14:44:12 +0800] "POST /?file=../../etc/passwd HTTP/1.1" 403 4099 "http://evil.com" "Dalfox/2.7.0"
192.168.1.11 - - [22/May/2025:14:22:08 +0800] "POST /register HTTP/1.1" 304 4692 "http://example.com" "python-requests/2.25.1"
192.168.1.44 - - [22/May/2025:14:33:15 +0800] "POST /register HTTP/1.1" 403 4546 "-" "Mozilla/5.0 (Windows NT 10.0; Win64; x64)"
192.168.1.24 - - [22/May/2025:14:11:06 +0800] "GET /admin HTTP/1.1" 304 1969 "http://evil.com" "Dalfox/2.7.0"
192.168.1.17 - - [22/May/2025:14:22:14 +0800] "POST /index.html HTTP/1.1" 500 4760 "-" "Mozilla/5.0 (Windows NT 10.0; Win64; x64)"
192.168.1.60 - - [22/May/2025:14:33:24 +0800] "GET /contact HTTP/1.1" 403 612 "http://example.com" "Dalfox/2.7.0"
192.168.1.48 - - [22/May/2025:14:22:18 +0800] "POST /register HTTP/1.1" 403 3236 "http://example.com" "Mozilla/5.0 (Windows NT 10.0; Win64; x64)"
192.168.1.95 - - [22/May/2025:14:33:30 +0800] "GET /login HTTP/1.1" 500 3913 "-" "Go-http-client/1.1"
192.168.1.19 - - [22/May/2025:14:55:55 +0800] "POST /upload HTTP/1.1" 403 427 "http://example.com" "Mozilla/5.0 (Windows NT 10.0; Win64; x64)"
192.168.1.15 - - [22/May/2025:14:22:24 +0800] "POST /about HTTP/1.1" 200 857 "-" "Dalfox/2.7.0"
192.168.1.53 - - [22/May/2025:14:33:39 +0800] "GET /index.html HTTP/1.1" 403 2920 "http://example.com" "Dalfox/2.7.0"
192.168.1.33 - - [22/May/2025:14:33:42 +0800] "POST /login HTTP/1.1" 304 3036 "http://example.com" "Mozilla/5.0 (X11; Linux x86_64)"
192.168.1.33 - - [22/May/2025:14:45:00 +0800] "POST /index.html HTTP/1.1" 500 753 "http://example.com" "Mozilla/5.0 (X11; Linux x86_64)"
192.168.1.24 - - [22/May/2025:14:11:16 +0800] "GET /about HTTP/1.1" 500 3094 "-" "Mozilla/5.0 (X11; Linux x86_64)"
192.168.1.95 - - [22/May/2025:14:22:34 +0800] "POST /login HTTP/1.1" 500 1896 "http://example.com" "Mozilla/5.0 (Windows NT 10.0; Win64; x64)"
192.168.1.5 - - [22/May/2025:14:45:12 +0800] "GET /about HTTP/1.1" 200 1356 "http://example.com" "sqlmap/1.5.2#stable"
192.168.1.25 - - [22/May/2025:14:33:57 +0800] "GET /contact HTTP/1.1" 403 1564 "http://example.com" "python-requests/2.25.1"
192.168.1.85 - - [22/May/2025:14:45:20 +0800] "POST /login HTTP/1.1" 403 1147 "-" "Mozilla/5.0 (Windows NT 10.0; Win64; x64)"
192.168.1.82 - - [22/May/2025:14:34:03 +0800] "POST /?file=../../etc/passwd HTTP/1.1" 500 1632 "http://evil.com" "Dalfox/2.7.0"
192.168.1.61 - - [22/May/2025:14:34:06 +0800] "POST /index.html HTTP/1.1" 304 519 "http://example.com" "python-requests/2.25.1"
192.168.1.29 - - [22/May/2025:14:45:32 +0800] "POST /index.html HTTP/1.1" 500 1167 "-" "Go-http-client/1.1"
192.168.1.57 - - [22/May/2025:14:22:48 +0800] "POST /about HTTP/1.1" 500 1758 "-" "Mozilla/5.0 (X11; Linux x86_64)"
192.168.1.83 - - [22/May/2025:14:22:50 +0800] "POST /about HTTP/1.1" 304 2760 "http://example.com" "sqlmap/1.5.2#stable"
192.168.1.73 - - [22/May/2025:14:11:26 +0800] "POST /login HTTP/1.1" 304 3840 "-" "curl/7.68.0"
192.168.1.38 - - [22/May/2025:14:34:21 +0800] "POST /admin HTTP/1.1" 403 1660 "http://evil.com" "Dalfox/2.7.0"
192.168.1.67 - - [22/May/2025:14:34:24 +0800] "GET /register HTTP/1.1" 403 4309 "-" "sqlmap/1.5.2#stable"
192.168.1.17 - - [22/May/2025:14:45:56 +0800] "POST /search?q=test HTTP/1.1" 304 1408 "-" "python-requests/2.25.1"
192.168.1.63 - - [22/May/2025:14:46:00 +0800] "GET /register HTTP/1.1" 304 3220 "http://example.com" "python-requests/2.25.1"
192.168.1.61 - - [22/May/2025:14:23:02 +0800] "GET /login HTTP/1.1" 304 2273 "-" "curl/7.68.0"
192.168.1.2 - - [22/May/2025:14:11:32 +0800] "POST /upload HTTP/1.1" 304 778 "http://example.com" "Dalfox/2.7.0"
192.168.1.91 - - [22/May/2025:14:57:45 +0800] "GET /search?q=test HTTP/1.1" 403 1418 "http://example.com" "Mozilla/5.0 (X11; Linux x86_64)"
192.168.1.20 - - [22/May/2025:14:11:34 +0800] "GET /?file=../../etc/passwd HTTP/1.1" 304 4664 "http://evil.com" "Dalfox/2.7.0"
192.168.1.73 - - [22/May/2025:14:23:10 +0800] "GET /search?q=test HTTP/1.1" 500 360 "-" "Mozilla/5.0 (X11; Linux x86_64)"
192.168.1.47 - - [22/May/2025:14:11:36 +0800] "POST /admin HTTP/1.1" 403 1204 "http://evil.com" "sqlmap/1.5.2#stable"
192.168.1.12 - - [22/May/2025:14:11:37 +0800] "POST /register HTTP/1.1" 304 3976 "http://example.com" "curl/7.68.0"
192.168.1.79 - - [22/May/2025:14:58:10 +0800] "GET /index.html HTTP/1.1" 200 3328 "http://example.com" "Dalfox/2.7.0"
192.168.1.68 - - [22/May/2025:14:34:57 +0800] "GET /contact HTTP/1.1" 403 4064 "-" "Dalfox/2.7.0"
192.168.1.32 - - [22/May/2025:14:35:00 +0800] "POST /search?q=test HTTP/1.1" 200 2827 "-" "curl/7.68.0"
192.168.1.91 - - [22/May/2025:14:58:25 +0800] "POST /about HTTP/1.1" 403 1881 "-" "sqlmap/1.5.2#stable"
192.168.1.83 - - [22/May/2025:14:58:30 +0800] "POST /login HTTP/1.1" 500 3378 "http://example.com" "Mozilla/5.0 (X11; Linux x86_64)"
192.168.1.91 - - [22/May/2025:14:46:52 +0800] "GET /login HTTP/1.1" 403 4541 "http://example.com" "python-requests/2.25.1"
192.168.1.3 - - [22/May/2025:14:11:44 +0800] "POST /about HTTP/1.1" 200 2738 "http://example.com" "Go-http-client/1.1"
192.168.1.83 - - [22/May/2025:14:23:30 +0800] "POST /login HTTP/1.1" 304 4014 "http://example.com" "python-requests/2.25.1"
192.168.1.45 - - [22/May/2025:14:23:32 +0800] "POST /upload HTTP/1.1" 304 2747 "http://example.com" "Go-http-client/1.1"
192.168.1.48 - - [22/May/2025:14:35:21 +0800] "GET /?file=../../etc/passwd HTTP/1.1" 403 1095 "http://evil.com" "sqlmap/1.5.2#stable"
192.168.1.73 - - [22/May/2025:14:11:48 +0800] "GET /search?q=test HTTP/1.1" 500 3757 "http://example.com" "Go-http-client/1.1"
192.168.1.81 - - [22/May/2025:14:59:05 +0800] "POST /contact HTTP/1.1" 403 455 "http://example.com" "Mozilla/5.0 (X11; Linux x86_64)"
192.168.1.81 - - [22/May/2025:14:47:20 +0800] "GET /search?q=test HTTP/1.1" 403 4497 "-" "Mozilla/5.0 (X11; Linux x86_64)"
192.168.1.4 - - [22/May/2025:14:35:33 +0800] "POST /?file=../../etc/passwd HTTP/1.1" 500 1518 "http://evil.com" "Dalfox/2.7.0"
192.168.1.18 - - [22/May/2025:14:35:36 +0800] "GET /?file=../../etc/passwd HTTP/1.1" 200 4557 "http://evil.com" "Dalfox/2.7.0"
192.168.1.49 - - [22/May/2025:14:35:39 +0800] "POST /index.html HTTP/1.1" 403 3193 "-" "Mozilla/5.0 (X11; Linux x86_64)"
192.168.1.34 - - [22/May/2025:14:59:30 +0800] "GET /about HTTP/1.1" 403 707 "http://example.com" "Dalfox/2.7.0"
192.168.1.10 - - [22/May/2025:14:11:55 +0800] "GET /upload HTTP/1.1" 403 1384 "-" "sqlmap/1.5.2#stable"
192.168.1.46 - - [22/May/2025:14:35:48 +0800] "GET /contact HTTP/1.1" 200 1734 "-" "Dalfox/2.7.0"
192.168.1.17 - - [22/May/2025:14:23:54 +0800] "GET /admin HTTP/1.1" 304 1809 "http://evil.com" "Dalfox/2.7.0"
192.168.1.91 - - [22/May/2025:14:47:52 +0800] "GET /contact HTTP/1.1" 304 2422 "http://example.com" "sqlmap/1.5.2#stable"
192.168.1.4 - - [22/May/2025:14:35:57 +0800] "POST /contact HTTP/1.1" 200 301 "-" "Go-http-client/1.1"
192.168.1.67 - - [22/May/2025:14:12:00 +0800] "GET /admin HTTP/1.1" 500 3641 "http://evil.com" "Dalfox/2.7.0"
192.168.1.25 - - [22/May/2025:14:12:01 +0800] "POST /about HTTP/1.1" 403 4925 "http://example.com" "Mozilla/5.0 (X11; Linux x86_64)"
192.168.1.89 - - [22/May/2025:14:48:08 +0800] "GET /login HTTP/1.1" 200 2660 "http://example.com" "Mozilla/5.0 (X11; Linux x86_64)"
192.168.1.10 - - [22/May/2025:14:24:06 +0800] "GET /upload HTTP/1.1" 500 3145 "http://example.com" "python-requests/2.25.1"
192.168.1.40 - - [22/May/2025:14:12:04 +0800] "GET /index.html HTTP/1.1" 500 1318 "-" "Go-http-client/1.1"
192.168.1.14 - - [22/May/2025:14:12:05 +0800] "POST /search?q=test HTTP/1.1" 403 1494 "http://example.com" "Mozilla/5.0 (Windows NT 10.0; Win64; x64)"
192.168.1.46 - - [22/May/2025:14:36:18 +0800] "GET /admin HTTP/1.1" 200 1153 "http://evil.com" "Dalfox/2.7.0"
192.168.1.17 - - [22/May/2025:14:12:07 +0800] "POST /about HTTP/1.1" 200 4441 "http://example.com" "sqlmap/1.5.2#stable"
192.168.1.23 - - [22/May/2025:14:12:08 +0800] "GET /admin HTTP/1.1" 403 2143 "http://evil.com" "sqlmap/1.5.2#stable"
192.168.1.60 - - [22/May/2025:14:12:09 +0800] "POST /upload HTTP/1.1" 304 3570 "-" "sqlmap/1.5.2#stable"
192.168.1.14 - - [22/May/2025:14:48:40 +0800] "GET /admin HTTP/1.1" 304 4974 "http://evil.com" "Dalfox/2.7.0"
192.168.1.13 - - [22/May/2025:14:36:33 +0800] "POST /upload HTTP/1.1" 403 2421 "http://example.com" "python-requests/2.25.1"
192.168.1.7 - - [22/May/2025:15:01:00 +0800] "GET /register HTTP/1.1" 304 1116 "http://example.com" "Mozilla/5.0 (Windows NT 10.0; Win64; x64)"
192.168.1.11 - - [22/May/2025:14:12:13 +0800] "POST /upload HTTP/1.1" 403 3088 "-" "Mozilla/5.0 (X11; Linux x86_64)"
192.168.1.26 - - [22/May/2025:14:48:56 +0800] "GET /contact HTTP/1.1" 403 3405 "-" "Dalfox/2.7.0"
192.168.1.21 - - [22/May/2025:14:24:30 +0800] "POST /about HTTP/1.1" 403 3835 "-" "Mozilla/5.0 (Windows NT 10.0; Win64; x64)"
192.168.1.37 - - [22/May/2025:15:01:20 +0800] "POST /upload HTTP/1.1" 200 241 "http://example.com" "Mozilla/5.0 (Windows NT 10.0; Win64; x64)"
192.168.1.25 - - [22/May/2025:14:24:34 +0800] "GET /login HTTP/1.1" 304 3105 "http://example.com" "Go-http-client/1.1"
192.168.1.28 - - [22/May/2025:15:01:30 +0800] "GET /admin HTTP/1.1" 304 4929 "http://evil.com" "sqlmap/1.5.2#stable"
192.168.1.83 - - [22/May/2025:14:36:57 +0800] "POST /register HTTP/1.1" 403 2413 "-" "curl/7.68.0"
192.168.1.64 - - [22/May/2025:14:12:20 +0800] "POST /search?q=test HTTP/1.1" 304 4202 "http://example.com" "curl/7.68.0"
192.168.1.78 - - [22/May/2025:15:01:45 +0800] "POST /login HTTP/1.1" 403 2730 "http://example.com" "Go-http-client/1.1"
192.168.1.47 - - [22/May/2025:14:37:06 +0800] "POST /contact HTTP/1.1" 500 3002 "http://example.com" "curl/7.68.0"
192.168.1.41 - - [22/May/2025:14:49:32 +0800] "GET /?file=../../etc/passwd HTTP/1.1" 500 4946 "http://evil.com" "Dalfox/2.7.0"
192.168.1.66 - - [22/May/2025:14:37:12 +0800] "POST /login HTTP/1.1" 304 3613 "http://example.com" "Dalfox/2.7.0"
192.168.1.98 - - [22/May/2025:14:49:40 +0800] "POST /admin HTTP/1.1" 304 3692 "http://evil.com" "sqlmap/1.5.2#stable"
192.168.1.19 - - [22/May/2025:14:12:26 +0800] "GET /index.html HTTP/1.1" 500 385 "-" "python-requests/2.25.1"
192.168.1.90 - - [22/May/2025:14:24:54 +0800] "POST /admin HTTP/1.1" 403 1334 "http://evil.com" "Dalfox/2.7.0"
192.168.1.60 - - [22/May/2025:14:12:28 +0800] "POST /contact HTTP/1.1" 403 3661 "-" "sqlmap/1.5.2#stable"
192.168.1.76 - - [22/May/2025:14:49:56 +0800] "POST /search?q=test HTTP/1.1" 200 1297 "http://example.com" "Mozilla/5.0 (X11; Linux x86_64)"
192.168.1.35 - - [22/May/2025:14:37:30 +0800] "GET /index.html HTTP/1.1" 500 1440 "-" "sqlmap/1.5.2#stable"
192.168.1.95 - - [22/May/2025:14:12:31 +0800] "GET /register HTTP/1.1" 304 4943 "-" "Mozilla/5.0 (Windows NT 10.0; Win64; x64)"
192.168.1.4 - - [22/May/2025:14:12:32 +0800] "GET /?file=../../etc/passwd HTTP/1.1" 403 1243 "http://evil.com" "Dalfox/2.7.0"
192.168.1.50 - - [22/May/2025:14:50:12 +0800] "GET /search?q=test HTTP/1.1" 500 2531 "http://example.com" "sqlmap/1.5.2#stable"
192.168.1.37 - - [22/May/2025:14:37:42 +0800] "GET /index.html HTTP/1.1" 200 3283 "-" "Dalfox/2.7.0"
192.168.1.77 - - [22/May/2025:15:02:55 +0800] "GET /index.html HTTP/1.1" 500 4854 "-" "curl/7.68.0"
192.168.1.70 - - [22/May/2025:14:12:36 +0800] "POST /index.html HTTP/1.1" 500 2802 "-" "Mozilla/5.0 (Windows NT 10.0; Win64; x64)"
192.168.1.58 - - [22/May/2025:15:03:05 +0800] "POST /search?q=test HTTP/1.1" 304 3653 "http://example.com" "sqlmap/1.5.2#stable"
192.168.1.63 - - [22/May/2025:15:03:10 +0800] "GET /about HTTP/1.1" 200 2952 "http://example.com" "Go-http-client/1.1"
192.168.1.48 - - [22/May/2025:14:25:18 +0800] "GET /search?q=test HTTP/1.1" 403 3448 "-" "sqlmap/1.5.2#stable"
192.168.1.46 - - [22/May/2025:14:50:40 +0800] "POST /index.html HTTP/1.1" 500 3549 "http://example.com" "Mozilla/5.0 (Windows NT 10.0; Win64; x64)"
192.168.1.95 - - [22/May/2025:14:12:41 +0800] "GET /register HTTP/1.1" 200 364 "-" "sqlmap/1.5.2#stable"
192.168.1.70 - - [22/May/2025:14:25:24 +0800] "GET /contact HTTP/1.1" 304 4278 "-" "Go-http-client/1.1"
192.168.1.31 - - [22/May/2025:15:03:35 +0800] "POST /index.html HTTP/1.1" 500 2683 "http://example.com" "python-requests/2.25.1"
192.168.1.83 - - [22/May/2025:14:38:12 +0800] "POST /about HTTP/1.1" 304 960 "-" "sqlmap/1.5.2#stable"
192.168.1.52 - - [22/May/2025:14:25:30 +0800] "POST /search?q=test HTTP/1.1" 304 3531 "-" "Dalfox/2.7.0"
192.168.1.75 - - [22/May/2025:14:12:46 +0800] "GET /?file=../../etc/passwd HTTP/1.1" 304 1519 "http://evil.com" "sqlmap/1.5.2#stable"
192.168.1.7 - - [22/May/2025:14:12:47 +0800] "GET /?file=../../etc/passwd HTTP/1.1" 304 1446 "http://evil.com" "sqlmap/1.5.2#stable"
192.168.1.40 - - [22/May/2025:14:51:12 +0800] "GET /?file=../../etc/passwd HTTP/1.1" 403 4429 "http://evil.com" "Dalfox/2.7.0"
192.168.1.72 - - [22/May/2025:15:04:05 +0800] "GET /admin HTTP/1.1" 500 605 "http://evil.com" "sqlmap/1.5.2#stable"
192.168.1.88 - - [22/May/2025:14:25:40 +0800] "GET /upload HTTP/1.1" 200 3427 "http://example.com" "Go-http-client/1.1"
192.168.1.3 - - [22/May/2025:14:51:24 +0800] "POST /admin HTTP/1.1" 304 4796 "http://evil.com" "Dalfox/2.7.0"
192.168.1.71 - - [22/May/2025:14:12:52 +0800] "POST /admin HTTP/1.1" 403 344 "http://evil.com" "sqlmap/1.5.2#stable"
192.168.1.88 - - [22/May/2025:14:51:32 +0800] "GET /about HTTP/1.1" 304 2011 "http://example.com" "curl/7.68.0"
192.168.1.29 - - [22/May/2025:14:51:36 +0800] "POST /login HTTP/1.1" 200 4795 "-" "Go-http-client/1.1"
192.168.1.68 - - [22/May/2025:14:12:55 +0800] "GET /?file=../../etc/passwd HTTP/1.1" 500 3965 "http://evil.com" "Dalfox/2.7.0"
192.168.1.39 - - [22/May/2025:15:04:40 +0800] "GET /about HTTP/1.1" 403 4579 "http://example.com" "Mozilla/5.0 (Windows NT 10.0; Win64; x64)"
192.168.1.73 - - [22/May/2025:14:51:48 +0800] "POST /admin HTTP/1.1" 304 2431 "http://evil.com" "Dalfox/2.7.0"
192.168.1.68 - - [22/May/2025:14:38:54 +0800] "POST /upload HTTP/1.1" 304 1730 "http://example.com" "python-requests/2.25.1"
192.168.1.71 - - [22/May/2025:14:38:57 +0800] "GET /login HTTP/1.1" 403 1569 "-" "Mozilla/5.0 (X11; Linux x86_64)"
192.168.1.47 - - [22/May/2025:14:26:00 +0800] "POST /contact HTTP/1.1" 304 3391 "-" "python-requests/2.25.1"
192.168.1.8 - - [22/May/2025:14:52:04 +0800] "GET /about HTTP/1.1" 403 2630 "http://example.com" "Mozilla/5.0 (X11; Linux x86_64)"
192.168.1.50 - - [22/May/2025:14:52:08 +0800] "GET /about HTTP/1.1" 500 2079 "http://example.com" "Dalfox/2.7.0"
192.168.1.77 - - [22/May/2025:14:13:03 +0800] "POST /search?q=test HTTP/1.1" 500 4299 "-" "curl/7.68.0"
192.168.1.97 - - [22/May/2025:14:26:08 +0800] "GET /register HTTP/1.1" 200 2296 "-" "Go-http-client/1.1"
192.168.1.37 - - [22/May/2025:15:05:25 +0800] "GET /login HTTP/1.1" 403 2215 "http://example.com" "curl/7.68.0"
192.168.1.89 - - [22/May/2025:14:52:24 +0800] "POST /admin HTTP/1.1" 403 3037 "http://evil.com" "Dalfox/2.7.0"
192.168.1.95 - - [22/May/2025:14:26:14 +0800] "GET /index.html HTTP/1.1" 500 1690 "http://example.com" "python-requests/2.25.1"
192.168.1.51 - - [22/May/2025:14:26:16 +0800] "GET /upload HTTP/1.1" 304 698 "-" "Mozilla/5.0 (X11; Linux x86_64)"
192.168.1.94 - - [22/May/2025:14:13:09 +0800] "GET /index.html HTTP/1.1" 403 2407 "http://example.com" "python-requests/2.25.1"
192.168.1.95 - - [22/May/2025:14:26:20 +0800] "POST /upload HTTP/1.1" 500 259 "http://example.com" "Mozilla/5.0 (X11; Linux x86_64)"
192.168.1.62 - - [22/May/2025:14:13:11 +0800] "GET /upload HTTP/1.1" 500 4134 "-" "sqlmap/1.5.2#stable"
192.168.1.47 - - [22/May/2025:14:39:36 +0800] "POST /login HTTP/1.1" 403 973 "http://example.com" "Mozilla/5.0 (Windows NT 10.0; Win64; x64)"
192.168.1.94 - - [22/May/2025:14:52:52 +0800] "POST /contact HTTP/1.1" 200 1164 "-" "Dalfox/2.7.0"
192.168.1.35 - - [22/May/2025:14:26:28 +0800] "GET /contact HTTP/1.1" 500 1165 "-" "sqlmap/1.5.2#stable"
192.168.1.54 - - [22/May/2025:14:26:30 +0800] "GET /search?q=test HTTP/1.1" 200 4428 "-" "Dalfox/2.7.0"
192.168.1.25 - - [22/May/2025:14:39:48 +0800] "GET /register HTTP/1.1" 500 1030 "http://example.com" "python-requests/2.25.1"
192.168.1.5 - - [22/May/2025:15:06:25 +0800] "GET /?file=../../etc/passwd HTTP/1.1" 500 2760 "http://evil.com" "Dalfox/2.7.0"
192.168.1.91 - - [22/May/2025:14:13:18 +0800] "GET /admin HTTP/1.1" 304 500 "http://evil.com" "Dalfox/2.7.0"
192.168.1.40 - - [22/May/2025:14:39:57 +0800] "GET /register HTTP/1.1" 403 3108 "http://example.com" "curl/7.68.0"
192.168.1.73 - - [22/May/2025:14:53:20 +0800] "POST /admin HTTP/1.1" 500 3679 "http://evil.com" "sqlmap/1.5.2#stable"
192.168.1.8 - - [22/May/2025:14:13:21 +0800] "GET /upload HTTP/1.1" 200 3860 "-" "Mozilla/5.0 (X11; Linux x86_64)"
192.168.1.18 - - [22/May/2025:15:06:50 +0800] "POST /?file=../../etc/passwd HTTP/1.1" 403 3003 "http://evil.com" "sqlmap/1.5.2#stable"
192.168.1.26 - - [22/May/2025:14:26:46 +0800] "POST /admin HTTP/1.1" 500 2894 "http://evil.com" "sqlmap/1.5.2#stable"
192.168.1.11 - - [22/May/2025:14:53:36 +0800] "GET /index.html HTTP/1.1" 304 487 "-" "Go-http-client/1.1"
192.168.1.36 - - [22/May/2025:14:53:40 +0800] "POST /about HTTP/1.1" 500 2276 "-" "curl/7.68.0"
192.168.1.42 - - [22/May/2025:14:40:18 +0800] "POST /about HTTP/1.1" 200 2622 "-" "python-requests/2.25.1"
192.168.1.69 - - [22/May/2025:15:07:15 +0800] "POST /login HTTP/1.1" 500 2632 "http://example.com" "sqlmap/1.5.2#stable"
192.168.1.56 - - [22/May/2025:14:26:56 +0800] "POST /admin HTTP/1.1" 500 4993 "http://evil.com" "sqlmap/1.5.2#stable"
192.168.1.62 - - [22/May/2025:14:26:58 +0800] "POST /about HTTP/1.1" 304 3578 "-" "Go-http-client/1.1"
192.168.1.35 - - [22/May/2025:15:07:30 +0800] "POST /index.html HTTP/1.1" 304 1265 "-" "python-requests/2.25.1"
192.168.1.74 - - [22/May/2025:15:07:35 +0800] "GET /?file=../../etc/passwd HTTP/1.1" 200 3042 "http://evil.com" "Dalfox/2.7.0"
192.168.1.45 - - [22/May/2025:14:54:08 +0800] "GET /about HTTP/1.1" 304 4977 "http://example.com" "Dalfox/2.7.0"
192.168.1.88 - - [22/May/2025:14:54:12 +0800] "POST /about HTTP/1.1" 403 2252 "-" "python-requests/2.25.1"
192.168.1.62 - - [22/May/2025:14:54:16 +0800] "POST /?file=../../etc/passwd HTTP/1.1" 403 2115 "http://evil.com" "sqlmap/1.5.2#stable"
192.168.1.13 - - [22/May/2025:14:13:35 +0800] "POST /about HTTP/1.1" 403 256 "http://example.com" "python-requests/2.25.1"
192.168.1.41 - - [22/May/2025:14:13:36 +0800] "POST /index.html HTTP/1.1" 500 859 "-" "curl/7.68.0"
192.168.1.22 - - [22/May/2025:14:27:14 +0800] "GET /register HTTP/1.1" 500 3787 "http://example.com" "Mozilla/5.0 (Windows NT 10.0; Win64; x64)"
192.168.1.14 - - [22/May/2025:14:40:54 +0800] "GET /?file=../../etc/passwd HTTP/1.1" 403 2833 "http://evil.com" "sqlmap/1.5.2#stable"
192.168.1.7 - - [22/May/2025:14:27:18 +0800] "POST /contact HTTP/1.1" 403 326 "http://example.com" "python-requests/2.25.1"
192.168.1.99 - - [22/May/2025:15:08:20 +0800] "GET /contact HTTP/1.1" 304 2822 "-" "Go-http-client/1.1"
192.168.1.43 - - [22/May/2025:14:54:44 +0800] "POST /admin HTTP/1.1" 403 2397 "http://evil.com" "sqlmap/1.5.2#stable"
192.168.1.73 - - [22/May/2025:15:08:30 +0800] "GET /about HTTP/1.1" 304 3101 "http://example.com" "Dalfox/2.7.0"
192.168.1.78 - - [22/May/2025:14:41:09 +0800] "POST /search?q=test HTTP/1.1" 304 2002 "-" "python-requests/2.25.1"
192.168.1.11 - - [22/May/2025:14:41:12 +0800] "GET /contact HTTP/1.1" 200 4407 "-" "sqlmap/1.5.2#stable"
192.168.1.21 - - [22/May/2025:14:27:30 +0800] "GET /search?q=test HTTP/1.1" 403 301 "-" "Mozilla/5.0 (Windows NT 10.0; Win64; x64)"
192.168.1.69 - - [22/May/2025:14:55:04 +0800] "POST /about HTTP/1.1" 304 536 "-" "Go-http-client/1.1"
192.168.1.86 - - [22/May/2025:14:27:34 +0800] "GET /contact HTTP/1.1" 200 1141 "-" "Go-http-client/1.1"
192.168.1.97 - - [22/May/2025:14:27:36 +0800] "GET /register HTTP/1.1" 304 640 "http://example.com" "python-requests/2.25.1"
192.168.1.37 - - [22/May/2025:14:13:49 +0800] "GET /register HTTP/1.1" 500 3190 "-" "Dalfox/2.7.0"
192.168.1.65 - - [22/May/2025:15:09:10 +0800] "POST /about HTTP/1.1" 403 1108 "http://example.com" "python-requests/2.25.1"
192.168.1.38 - - [22/May/2025:14:55:24 +0800] "GET /?file=../../etc/passwd HTTP/1.1" 500 3180 "http://evil.com" "sqlmap/1.5.2#stable"
192.168.1.13 - - [22/May/2025:14:41:36 +0800] "POST /index.html HTTP/1.1" 200 1920 "-" "Mozilla/5.0 (X11; Linux x86_64)"
192.168.1.70 - - [22/May/2025:14:13:53 +0800] "POST /search?q=test HTTP/1.1" 200 1341 "-" "Mozilla/5.0 (Windows NT 10.0; Win64; x64)"
192.168.1.54 - - [22/May/2025:14:27:48 +0800] "POST /index.html HTTP/1.1" 403 4623 "http://example.com" "python-requests/2.25.1"
192.168.1.69 - - [22/May/2025:14:13:55 +0800] "GET /about HTTP/1.1" 403 3003 "-" "Mozilla/5.0 (Windows NT 10.0; Win64; x64)"
192.168.1.45 - - [22/May/2025:15:09:40 +0800] "POST /?file=../../etc/passwd HTTP/1.1" 403 4007 "http://evil.com" "Dalfox/2.7.0"
192.168.1.31 - - [22/May/2025:15:09:45 +0800] "POST /index.html HTTP/1.1" 403 3740 "http://example.com" "Mozilla/5.0 (Windows NT 10.0; Win64; x64)"
192.168.1.74 - - [22/May/2025:14:13:58 +0800] "POST /?file=../../etc/passwd HTTP/1.1" 304 2908 "http://evil.com" "sqlmap/1.5.2#stable"
192.168.1.41 - - [22/May/2025:14:41:57 +0800] "POST /?file=../../etc/passwd HTTP/1.1" 403 4202 "http://evil.com" "Dalfox/2.7.0"
192.168.1.14 - - [22/May/2025:15:10:00 +0800] "POST /index.html HTTP/1.1" 304 4106 "-" "python-requests/2.25.1"
192.168.1.86 - - [22/May/2025:15:10:05 +0800] "POST /login HTTP/1.1" 500 1325 "-" "Dalfox/2.7.0"
